Signing up...
node : SignUp Error: 
AuthApiError: Email 
address "testlandlord17745
08837292@example.com" is 
invalid
At line:1 char:1
+ node test-auth.mjs > 
test-output.txt 2>&1
+ ~~~~~~~~~~~~~~~~~~~~~~~~
~~~~~~~~~~~~~~~~~
    + CategoryInfo        
      : NotSpecified: (S  
  ignUp Error: A...com"   
  is invalid:String) [    
], RemoteException
    + FullyQualifiedError 
   Id : NativeCommandErr  
  or
 
    at handleError (C:\Use
rs\kaipa\Downloads\Student
 Hostel Finder Website (1)
\node_modules\@supabase\au
th-js\dist\main\lib\fetch.
js:66:11)
    at process.processTick
sAndRejections (node:inter
nal/process/task_queues:10
3:5)
    at async 
_handleRequest (C:\Users\k
aipa\Downloads\Student 
Hostel Finder Website (1)\
node_modules\@supabase\aut
h-js\dist\main\lib\fetch.j
s:109:9)
    at async _request (C:\
Users\kaipa\Downloads\Stud
ent Hostel Finder Website 
(1)\node_modules\@supabase
\auth-js\dist\main\lib\fet
ch.js:91:18)
    at async 
SupabaseAuthClient.signUp 
(C:\Users\kaipa\Downloads\
Student Hostel Finder 
Website (1)\node_modules\@
supabase\auth-js\dist\main
\GoTrueClient.js:551:23)
    at async testAuth (fil
e:///C:/Users/kaipa/Downlo
ads/Student%20Hostel%20Fin
der%20Website%20(1)/test-a
uth.mjs:13:52) {
  __isAuthError: true,
  status: 400,
  code: 
'email_address_invalid'
}
